// Jest Snapshot v1, https://goo.gl/fbAQLP

exports[`should render ExpenseList with expenses 1`] = `
<div>
  <Link
    to="/edit/1"
  >
    <h3>
       
      rent
    </h3>
  </Link>
  <p>
    Amount: 
    195
     created - 
    0
  </p>
</div>
`;
