// Jest Snapshot v1, https://goo.gl/fbAQLP

exports[`should render NotFoundPage correctly 1`] = `
<div>
  404 NOT FOUND! 
  <Link
    to="/"
  >
    Main page
  </Link>
</div>
`;
